[4] "I'm the only (Republican) candidate that has actually reduced the size of government."... → No valid articles found.
[15] Says the stimulus bill sent tax credits overseas, such as "$1.2 billion to a solar company that's bu... → No valid articles found.
[23] During his governorship, Virginia made "the largest investment ever in K-12 education."... → No valid articles found.
[4] "I'm the only (Republican) candidate that has actually reduced the size of government."... → No valid articles found.
[15] Says the stimulus bill sent tax credits overseas, such as "$1.2 billion to a solar company that's bu... → No valid articles found.
[23] During his governorship, Virginia made "the largest investment ever in K-12 education."... → No valid articles found.
[4] "I'm the only (Republican) candidate that has actually reduced the size of government."... → No valid articles found.
[15] Says the stimulus bill sent tax credits overseas, such as "$1.2 billion to a solar company that's bu... → No valid articles found.
[23] During his governorship, Virginia made "the largest investment ever in K-12 education."... → No valid articles found.
[4] "I'm the only (Republican) candidate that has actually reduced the size of government."... → No valid articles found.
[15] Says the stimulus bill sent tax credits overseas, such as "$1.2 billion to a solar company that's bu... → No valid articles found.
[23] During his governorship, Virginia made "the largest investment ever in K-12 education."... → No valid articles found.
[4] "I'm the only (Republican) candidate that has actually reduced the size of government."... → No valid articles found.
[15] Says the stimulus bill sent tax credits overseas, such as "$1.2 billion to a solar company that's bu... → No valid articles found.
[23] During his governorship, Virginia made "the largest investment ever in K-12 education."... → No valid articles found.
[37] Says "J.B. Pritzker’s tax plan" includes a "new tax per mile you drive with government tracking devi... → No valid articles found.
[4] "I'm the only (Republican) candidate that has actually reduced the size of government."... → No valid articles found.
[15] Says the stimulus bill sent tax credits overseas, such as "$1.2 billion to a solar company that's bu... → No valid articles found.
[23] During his governorship, Virginia made "the largest investment ever in K-12 education."... → No valid articles found.
[37] Says "J.B. Pritzker’s tax plan" includes a "new tax per mile you drive with government tracking devi... → No valid articles found.
[49] Louisiana’s film incentives program is so big "they actually shot an upcoming film initially titled ... → No valid articles found.
[4] "I'm the only (Republican) candidate that has actually reduced the size of government."... → No valid articles found.
[15] Says the stimulus bill sent tax credits overseas, such as "$1.2 billion to a solar company that's bu... → No valid articles found.
[23] During his governorship, Virginia made "the largest investment ever in K-12 education."... → No valid articles found.
[37] Says "J.B. Pritzker’s tax plan" includes a "new tax per mile you drive with government tracking devi... → No valid articles found.
[49] Louisiana’s film incentives program is so big "they actually shot an upcoming film initially titled ... → No valid articles found.
[59] "Obamacare (hit) Americans with over $500 billion in new taxes."... → No valid articles found.
[60] Undocumented drivers "have protections that US citizens don’t receive under Green light bill."... → No valid articles found.
[64] Wisconsin is "dead-last in creating new businesses" for "three years in a row."... → No valid articles found.
[65] The EPA was asked about an environmental citation for the city landfill in Nashua, N.H. but "didn’t ... → No valid articles found.
[66] "I wrote to Secretary Paulson, I wrote to Federal Reserve Chairman Bernanke [in March 2007], and tol... → No valid articles found.
[73] Children and teen suicide attempts "skyrocketed 250% in 2020" according to "one study done by a hosp... → No valid articles found.
[101] Says Gov. Scott Walker "raises the pay of inmates, but we don't raise the pay of staff in our correc... → No valid articles found.
[107] "This year West Virginia produced more AmeriCorps members than any other state."... → No valid articles found.
[115] "On (Rob Portman's) watch as Bush's trade czar, our deficit with China exploded" and "as Bush's budg... → No valid articles found.
[121] "Over half of the black workers in this country earn less" than $15 an hour.... → No valid articles found.
[123] Says John Wayne said, "If you don’t want an American flag flying in your town square or at your scho... → No valid articles found.
[133] "Austin’s the fastest-growing city in the country the last five years."... → No valid articles found.
[145] Says that during his eight years as Florida governor, "we created 1.3 million net new jobs -- more j... → No valid articles found.
[152] In 1993, Newt Gingrich "first advocated for the individual mandate in health care. And as recently a... → No valid articles found.
[166] "The expiration of the Bush-era tax cuts ... would be the biggest tax increase in the history of the... → No valid articles found.
[173] Says Mitt Romney said "we are going to have to live with high gas prices, it's a good thing because ... → No valid articles found.
[177] Ranked-choice voting "increases voter turnout and voter engagement."... → No valid articles found.
[182] "Gas in North Carolina increased 14 cents per gallon this past week, the highest in the nation."... → No valid articles found.
[187] Says the Atlanta mayor is "shutting the city down for" the NBA All-Star Game weekend.... → No valid articles found.
[190] Pictures and reports of "empty hospitals" prove COVID-19 spread is "fake crisis for real government ... → No valid articles found.
[193] "Walmart rewards everyone with $75 coupon to celebrate its 125th Anniversary"... → No valid articles found.
[195] Says Donald Trump promised "to take care of everybody (through government-run healthcare and) the go... → No valid articles found.
[205] The Republican-authored state budget includes a provision "forcing people earning as little as $12,0... → No valid articles found.
[206] "Joe Biden says Americans can only celebrate the Fourth of July if he says so."... → No valid articles found.
[224] Says Goodwill used the pandemic "to fire all of their employees instead of laying them off."... → No valid articles found.
[227] "100% of heroin/fentanyl epidemic is because we don't have a WALL."... → No valid articles found.
[238] Matt Dolan sponsored Michael Bloomberg's "red-flag gun confiscation law, letting the people reportin... → No valid articles found.
[252] None of $400 million the City of Austin proposes to spend on road projects "will be used to add new ... → No valid articles found.
[254] Says Marco Rubio sold a home to a chiropractor who had been lobbying him on automobile insurance leg... → No valid articles found.
[263] "The reality is, with a $2 trillion-a-year health care budget, we're spending more on health care, n... → No valid articles found.
[265] "Since 1990, in inflation-adjusted dollars, per-student funding of the (Florida) state university sy... → No valid articles found.
[271] Says George LeMieux "even compared Marco Rubio to Barack Obama."... → No valid articles found.
[275] "We have been teaching these (Common Core) standards in Florida schools since 2010."... → No valid articles found.
[277] The United States has "10,000 IRS agents making sure that you don't take an improper charity deducti... → No valid articles found.
[282] "Since the reopening of (Georgia), we’ve seen our COVID rate skyrocket by 40%."... → No valid articles found.
[283] The national debt of $16 trillion, is "enough to buy both the Cleveland Indians and Cincinnati Reds ... → No valid articles found.
[284] Says "as Co-Chair of the Joint Ways & Means Committee, I secured the key piece of funding for" the P... → No valid articles found.
[287] Says since 2000, Austin’s "tax burden" rose more than 40 percent while family income rose more than ... → No valid articles found.
[288] "89,000 children were separated from their parents under Obama" and "only 1,900 children have been s... → No valid articles found.
[291] "Switzerland (where the government) issues every household a gun . . . has the lowest gun related cr... → No valid articles found.
[292] "The (Ohio) economy is on the mend. … It is in better shape than it was when we took office."... → No valid articles found.
[295] "You’ve got each day 10,000 new seniors, baby boomers, becoming eligible for the entitlement program... → No valid articles found.
[301] "Under President Obama: $4,000 tax hike on middle-class families."... → No valid articles found.
[309] "Biden’s plan will immediately let in 25,000 asylum-seekers who’d been waiting in Mexico as their ca... → No valid articles found.
[312] Says Nancy Pelosi was "asked to leave a children’s benefit after drunken outburst."... → No valid articles found.
[323] "In this judicial race, special interest groups have demanded money from me, in exchange for endorse... → No valid articles found.
[335] "CDC announces that ordinary (non-N95) masks (which most people are wearing) will do nothing to prot... → No valid articles found.
[352] Starting in March if you travel outside of the United States you won’t be allowed back in the countr... → No valid articles found.
[360] Says, "In the last four years we’ve cut $36 million in ongoing revenue."... → <HttpError 400 when requesting https://customsearch.googleapis.com/customsearch/v1?q=Says%2C+%22In+the+last+four+years+we%E2%80%99ve+cut+%2436+million+in+ongoing+revenue.%22&cx=05360ec743a4b4090&num=10&key=AIzaSyAbvEPFQpEcsiSc6baCEHBrc53rNVX9h6Q&alt=json returned "API key expired. Please renew the API key.". Details: "[{'message': 'API key expired. Please renew the API key.', 'domain': 'global', 'reason': 'badRequest'}]">
[365] Says President Donald Trump "signs a visa-free travel policy" for Ghana and Malawi.... → <HttpError 400 when requesting https://customsearch.googleapis.com/customsearch/v1?q=Says+President+Donald+Trump+%22signs+a+visa-free+travel+policy%22+for+Ghana+and+Malawi.&cx=05360ec743a4b4090&num=10&key=AIzaSyAbvEPFQpEcsiSc6baCEHBrc53rNVX9h6Q&alt=json returned "API key expired. Please renew the API key.". Details: "[{'message': 'API key expired. Please renew the API key.', 'domain': 'global', 'reason': 'badRequest'}]">
[366] Says Nick Kahl made it harder for many families to cover basic health care expenses.... → <HttpError 400 when requesting https://customsearch.googleapis.com/customsearch/v1?q=Says+Nick+Kahl+made+it+harder+for+many+families+to+cover+basic+health+care+expenses.&cx=05360ec743a4b4090&num=10&key=AIzaSyAbvEPFQpEcsiSc6baCEHBrc53rNVX9h6Q&alt=json returned "API key expired. Please renew the API key.". Details: "[{'message': 'API key expired. Please renew the API key.', 'domain': 'global', 'reason': 'badRequest'}]">
[367] "The President wants to cut 3 MILLION people from SNAP, including children, seniors and veterans."... → <HttpError 400 when requesting https://customsearch.googleapis.com/customsearch/v1?q=%22The+President+wants+to+cut+3+MILLION+people+from+SNAP%2C+including+children%2C+seniors+and+veterans.%22&cx=05360ec743a4b4090&num=10&key=AIzaSyAbvEPFQpEcsiSc6baCEHBrc53rNVX9h6Q&alt=json returned "API key expired. Please renew the API key.". Details: "[{'message': 'API key expired. Please renew the API key.', 'domain': 'global', 'reason': 'badRequest'}]">
[368] Says Haley Stevens’ plan for "socialized medicine" would "eliminate 100,000 doctors and nurses."... → <HttpError 400 when requesting https://customsearch.googleapis.com/customsearch/v1?q=Says+Haley+Stevens%E2%80%99+plan+for+%22socialized+medicine%22+would+%22eliminate+100%2C000+doctors+and+nurses.%22&cx=05360ec743a4b4090&num=10&key=AIzaSyAbvEPFQpEcsiSc6baCEHBrc53rNVX9h6Q&alt=json returned "API key expired. Please renew the API key.". Details: "[{'message': 'API key expired. Please renew the API key.', 'domain': 'global', 'reason': 'badRequest'}]">
[369] "Again today (Ahmadinejad) made light of 9/11, and said that he's not even sure it happened and that... → <HttpError 400 when requesting https://customsearch.googleapis.com/customsearch/v1?q=%22Again+today+%28Ahmadinejad%29+made+light+of+9%2F11%2C+and+said+that+he%27s+not+even+sure+it+happened+and+that+people+actually+died.%22&cx=05360ec743a4b4090&num=10&key=AIzaSyAbvEPFQpEcsiSc6baCEHBrc53rNVX9h6Q&alt=json returned "API key expired. Please renew the API key.". Details: "[{'message': 'API key expired. Please renew the API key.', 'domain': 'global', 'reason': 'badRequest'}]">
[360] Says, "In the last four years we’ve cut $36 million in ongoing revenue."... → <HttpError 400 when requesting https://customsearch.googleapis.com/customsearch/v1?q=Says%2C+%22In+the+last+four+years+we%E2%80%99ve+cut+%2436+million+in+ongoing+revenue.%22&cx=05360ec743a4b4090&num=10&key=AIzaSyAbvEPFQpEcsiSc6baCEHBrc53rNVX9h6Q&alt=json returned "API key expired. Please renew the API key.". Details: "[{'message': 'API key expired. Please renew the API key.', 'domain': 'global', 'reason': 'badRequest'}]">
[365] Says President Donald Trump "signs a visa-free travel policy" for Ghana and Malawi.... → <HttpError 400 when requesting https://customsearch.googleapis.com/customsearch/v1?q=Says+President+Donald+Trump+%22signs+a+visa-free+travel+policy%22+for+Ghana+and+Malawi.&cx=05360ec743a4b4090&num=10&key=AIzaSyAbvEPFQpEcsiSc6baCEHBrc53rNVX9h6Q&alt=json returned "API key expired. Please renew the API key.". Details: "[{'message': 'API key expired. Please renew the API key.', 'domain': 'global', 'reason': 'badRequest'}]">
[366] Says Nick Kahl made it harder for many families to cover basic health care expenses.... → <HttpError 400 when requesting https://customsearch.googleapis.com/customsearch/v1?q=Says+Nick+Kahl+made+it+harder+for+many+families+to+cover+basic+health+care+expenses.&cx=05360ec743a4b4090&num=10&key=AIzaSyAbvEPFQpEcsiSc6baCEHBrc53rNVX9h6Q&alt=json returned "API key expired. Please renew the API key.". Details: "[{'message': 'API key expired. Please renew the API key.', 'domain': 'global', 'reason': 'badRequest'}]">
[367] "The President wants to cut 3 MILLION people from SNAP, including children, seniors and veterans."... → <HttpError 400 when requesting https://customsearch.googleapis.com/customsearch/v1?q=%22The+President+wants+to+cut+3+MILLION+people+from+SNAP%2C+including+children%2C+seniors+and+veterans.%22&cx=05360ec743a4b4090&num=10&key=AIzaSyAbvEPFQpEcsiSc6baCEHBrc53rNVX9h6Q&alt=json returned "API key expired. Please renew the API key.". Details: "[{'message': 'API key expired. Please renew the API key.', 'domain': 'global', 'reason': 'badRequest'}]">
[368] Says Haley Stevens’ plan for "socialized medicine" would "eliminate 100,000 doctors and nurses."... → <HttpError 400 when requesting https://customsearch.googleapis.com/customsearch/v1?q=Says+Haley+Stevens%E2%80%99+plan+for+%22socialized+medicine%22+would+%22eliminate+100%2C000+doctors+and+nurses.%22&cx=05360ec743a4b4090&num=10&key=AIzaSyAbvEPFQpEcsiSc6baCEHBrc53rNVX9h6Q&alt=json returned "API key expired. Please renew the API key.". Details: "[{'message': 'API key expired. Please renew the API key.', 'domain': 'global', 'reason': 'badRequest'}]">
[369] "Again today (Ahmadinejad) made light of 9/11, and said that he's not even sure it happened and that... → <HttpError 400 when requesting https://customsearch.googleapis.com/customsearch/v1?q=%22Again+today+%28Ahmadinejad%29+made+light+of+9%2F11%2C+and+said+that+he%27s+not+even+sure+it+happened+and+that+people+actually+died.%22&cx=05360ec743a4b4090&num=10&key=AIzaSyAbvEPFQpEcsiSc6baCEHBrc53rNVX9h6Q&alt=json returned "API key expired. Please renew the API key.". Details: "[{'message': 'API key expired. Please renew the API key.', 'domain': 'global', 'reason': 'badRequest'}]">
